
> build
> vite build

node.exe : [33mThe plugin "vite-tsconfig-paths" is detected. Vite now 
supports tsconfig paths resolution natively via the 
[1mresolve.tsconfigPaths[22m option. You can remove the plugin and set 
[1mresolve.tsconfigPaths: true[22m in your Vite config instead.[39m
At C:\Program Files\nodejs\npm.ps1:29 char:3
+   & $NODE_EXE $NPM_CLI_JS $args
+   ~~~~~~~~~~~~~~~~~~~~~~~~~~~~~
    + CategoryInfo          : NotSpecified: ([33mThe plugin...g instead.[39m 
   :String) [], RemoteException
    + FullyQualifiedErrorId : NativeCommandError
 
[33mThe plugin "vite-tsconfig-paths" is detected. Vite now supports tsconfig 
paths resolution natively via the [1mresolve.tsconfigPaths[22m option. You 
can remove the plugin and set [1mresolve.tsconfigPaths: true[22m in your 
Vite config instead.[39m
[33mThe plugin "vite-tsconfig-paths" is detected. Vite now supports tsconfig 
paths resolution natively via the [1mresolve.tsconfigPaths[22m option. You 
can remove the plugin and set [1mresolve.tsconfigPaths: true[22m in your 
Vite config instead.[39m
[36mvite v8.1.0 [32mbuilding client environment for production...[36m[39m
[2K
transforming...Γ£ô 835 modules transformed.
rendering chunks...
computing gzip size...
dist/client/assets/styles-I7KufEk1.css            80.65 kB Γöé gzip:  13.49 kB
dist/client/assets/loader-circle-BJlC_-4V.js       0.13 kB Γöé gzip:   0.14 kB
dist/client/assets/circle-check-C-X840dr.js        0.16 kB Γöé gzip:   0.16 kB
dist/client/assets/download-fxNche2a.js            0.22 kB Γöé gzip:   0.18 kB
dist/client/assets/copy-wWopowXi.js                0.22 kB Γöé gzip:   0.20 kB
dist/client/assets/dist-31R0TOBW.js                0.25 kB Γöé gzip:   0.18 kB
dist/client/assets/triangle-alert-K_U3nqXE.js      0.25 kB Γöé gzip:   0.20 kB
dist/client/assets/sample-DbS6iEZD.js              0.32 kB Γöé gzip:   0.23 kB
dist/client/assets/network-C35pqLxg.js             0.37 kB Γöé gzip:   0.23 kB
dist/client/assets/file-spreadsheet-CTc_igXI.js    0.41 kB Γöé gzip:   0.25 kB
dist/client/assets/textarea-Dtt7B8e3.js            0.47 kB Γöé gzip:   0.33 kB
dist/client/assets/label-CBGPT4He.js               0.58 kB Γöé gzip:   0.38 kB
dist/client/assets/badge-Bpz_YvY2.js               0.76 kB Γöé gzip:   0.40 kB
dist/client/assets/dist-CUKEgJzo.js                1.30 kB Γöé gzip:   0.65 kB
dist/client/assets/dialog-BL8niEIz.js              2.06 kB Γöé gzip:   0.83 kB
dist/client/assets/page-header-xdzAMX8C.js         2.25 kB Γöé gzip:   0.81 kB
dist/client/assets/switch-RJ2VF2eI.js              3.54 kB Γöé gzip:   1.54 kB
dist/client/assets/alert-dialog-DnxKm1jW.js        3.59 kB Γöé gzip:   1.22 kB
dist/client/assets/tabs-BM43IkN0.js                6.62 kB Γöé gzip:   2.60 kB
dist/client/assets/intelligence-BBWezVn4.js        8.02 kB Γöé gzip:   2.75 kB
dist/client/assets/settings-DXoL7vH4.js            9.29 kB Γöé gzip:   2.56 kB
dist/client/assets/connections-Dw3rNDPC.js        11.34 kB Γöé gzip:   3.50 kB
dist/client/assets/farmers-DF0c75lF.js            12.61 kB Γöé gzip:   3.58 kB
dist/client/assets/data-quality-Beunur49.js       13.37 kB Γöé gzip:   3.97 kB
dist/client/assets/select-CRczTnXI.js             21.67 kB Γöé gzip:   7.28 kB
dist/client/assets/analytics-o9sjmUpE.js          28.31 kB Γöé gzip:   7.71 kB
dist/client/assets/routes-Cqzq_Lej.js             40.67 kB Γöé gzip:  10.45 kB
dist/client/assets/utils-B7PF9QRG.js              42.87 kB Γöé gzip:  14.21 kB
dist/client/assets/ai-errors-BQg37l8R.js          57.29 kB Γöé gzip:  13.33 kB
dist/client/assets/preload-helper-PXcIWUz6.js     65.35 kB Γöé gzip:  21.95 kB
dist/client/assets/upload-9stAkrVP.js            366.11 kB Γöé gzip: 124.62 kB
dist/client/assets/chart-GuoE5bUU.js             389.67 kB Γöé gzip: 102.63 kB
dist/client/assets/index-DUXxUnTo.js             401.08 kB Γöé gzip: 125.62 kB

[33m[33m[PLUGIN_TIMINGS] [0mYour build spent significant time in plugins. 
Here is a breakdown:
  - tanstack-start-core:import-protection (48%)
  - vite-tsconfig-paths (39%)
  - tanstack-start-core:import-protection-transform-cache (10%)
See https://rolldown.rs/reference/InputOptions.checks#plugintimings for more 
details.
[39m
[32mΓ£ô built in 4.43s[39m
[36mvite v8.1.0 [32mbuilding ssr environment for production...[36m[39m
[2K
transforming...Γ£ô 102 modules transformed.
rendering chunks...
[2m03:00:05[22m [36m[1m[vite][22m[39m [38;2;40;180;170mΓ¼Ñ Netlify[39m Γ£ô Wrote SSR entry point to .netlify\v1\functions\server.mjs

computing gzip size...
dist/server/assets/utils-C_uf36nf.js                                   0.18 kB Γöé gzip:  0.15 kB
dist/server/assets/empty-plugin-adapters-D9UWiqvJ.js                   0.22 kB Γöé gzip:  0.16 kB
dist/server/assets/createServerRpc-WJgk8O8C.js                         0.39 kB Γöé gzip:  0.27 kB
dist/server/assets/sample-CZ_u-2i9.js                                  0.55 kB Γöé gzip:  0.37 kB
dist/server/assets/upload-Bi0rBxGv.js                                  0.59 kB Γöé gzip:  0.38 kB
dist/server/assets/intelligence-BDJSZp59.js                            0.62 kB Γöé gzip:  0.38 kB
dist/server/assets/data-quality-CIFZqag0.js                            0.63 kB Γöé gzip:  0.39 kB
dist/server/assets/label-DBD1bRRP.js                                   0.64 kB Γöé gzip:  0.38 kB
dist/server/assets/start-EOAzYlXa.js                                   0.64 kB Γöé gzip:  0.38 kB
dist/server/assets/textarea-kko37XEX.js                                0.66 kB Γöé gzip:  0.42 kB
dist/server/assets/neo4j.server-DstCS7gY.js                            0.68 kB Γöé gzip:  0.35 kB
dist/server/assets/input-B8Q2ztVi.js                                   0.75 kB Γöé gzip:  0.45 kB
dist/server/assets/analytics-BaPkdHoR.js                               0.79 kB Γöé gzip:  0.46 kB
dist/server/assets/farmers.functions-CKYyh-Ec.js                       0.83 kB Γöé gzip:  0.48 kB
dist/server/assets/badge-D1Dupn2y.js                                   0.98 kB Γöé gzip:  0.50 kB
dist/server/assets/dashboard.functions-C8i4xQu2.js                     1.03 kB Γöé gzip:  0.50 kB
dist/server/assets/routes-D_E_Mv8S.js                                  1.08 kB Γöé gzip:  0.57 kB
dist/server/assets/switch-Cn1w-cIH.js                                  1.10 kB Γöé gzip:  0.56 kB
dist/server/assets/tabs-CCJRliUM.js                                    1.63 kB Γöé gzip:  0.60 kB
dist/server/assets/createStart-Dt05N14y.js                             1.65 kB Γöé gzip:  0.57 kB
dist/server/assets/button-BkEeRci-.js                                  1.67 kB Γöé gzip:  0.78 kB
dist/server/assets/ai-errors-BmZma8Wk.js                               1.95 kB Γöé gzip:  0.88 kB
dist/server/assets/__23tanstack-start-server-fn-resolver-DR_VE6qn.js   2.71 kB Γöé gzip:  1.04 kB
dist/server/assets/dialog-DIo89e4g.js                                  3.11 kB Γöé gzip:  1.00 kB
dist/server/server.js                                                  3.27 kB Γöé gzip:  1.41 kB
dist/server/assets/page-header-BU-WjO8m.js                             3.37 kB Γöé gzip:  1.04 kB
dist/server/assets/farmers.functions-BXXvP2nU.js                       3.38 kB Γöé gzip:  1.42 kB
dist/server/assets/alert-dialog-CmIv1W53.js                            3.40 kB Γöé gzip:  0.91 kB
dist/server/assets/_tanstack-start-manifest_v-POmIfn2s.js              3.86 kB Γöé gzip:  0.89 kB
dist/server/assets/farmers-B3bP58Tt.js                                 4.67 kB Γöé gzip:  1.53 kB
dist/server/assets/select-Dg1urBTx.js                                  4.67 kB Γöé gzip:  1.34 kB
dist/server/assets/ingestion.functions-DoRTsPzY.js                     5.01 kB Γöé gzip:  1.87 kB
dist/server/assets/dashboard.functions-DtzJjp0t.js                     5.91 kB Γöé gzip:  2.13 kB
dist/server/assets/chart-DP8q-rVl.js                                   7.29 kB Γöé gzip:  2.33 kB
dist/server/assets/analytics-BShXz5lG.js                              10.83 kB Γöé gzip:  2.36 kB
dist/server/assets/intelligence-ehF78NMq.js                           12.13 kB Γöé gzip:  3.26 kB
dist/server/assets/esm-Dova13aH.js                                    12.61 kB Γöé gzip:  3.72 kB
dist/server/assets/settings-BjcOFm2o.js                               14.59 kB Γöé gzip:  3.17 kB
dist/server/assets/connections-ZgwTFSqs.js                            15.52 kB Γöé gzip:  3.62 kB
dist/server/assets/farmers-mMw3I8jF.js                                19.06 kB Γöé gzip:  3.82 kB
dist/server/assets/data-quality-CPMwcyW8.js                           20.65 kB Γöé gzip:  4.67 kB
dist/server/assets/upload-CcBeAHOz.js                                 21.23 kB Γöé gzip:  5.82 kB
dist/server/assets/ai.functions-ciP7BX18.js                           27.74 kB Γöé gzip:  8.02 kB
dist/server/assets/routes-sOzKNLu7.js                                 29.47 kB Γöé gzip:  5.51 kB
dist/server/assets/router-DBia8MnO.js                                 33.50 kB Γöé gzip:  7.75 kB
dist/server/assets/server-BXiMumZe.js                                 52.69 kB Γöé gzip: 13.61 kB

[31mΓ£ù[39m Build failed in 3.14s
[31merror during build:
[31mBuild failed with 1 error:

Error: [vite]: Rolldown failed to resolve import "jsonrepair" from 
"C:/Users/vomol/Desktop/FarmIQ/src/server/featherless.server.ts".
This is most likely unintended because it can break your application at 
runtime.
If you do want to externalize this module explicitly add it to
`build.rolldownOptions.external`
    at viteLog (file:///C:/Users/vomol/Desktop/FarmIQ/node_modules/vite/dist/no
de/chunks/node.js:32668:57)
    at file:///C:/Users/vomol/Desktop/FarmIQ/node_modules/vite/dist/node/chunks
/node.js:32704:71
    at onwarn (file:///C:/Users/vomol/Desktop/FarmIQ/node_modules/@vitejs/plugi
n-react/dist/index.js:76:7)
    at file:///C:/Users/vomol/Desktop/FarmIQ/node_modules/vite/dist/node/chunks
/node.js:32704:28
    at onRollupLog (file:///C:/Users/vomol/Desktop/FarmIQ/node_modules/vite/dis
t/node/chunks/node.js:32699:63)
    at onLog (file:///C:/Users/vomol/Desktop/FarmIQ/node_modules/vite/dist/node
/chunks/node.js:32467:4)
    at file:///C:/Users/vomol/Desktop/FarmIQ/node_modules/rolldown/dist/shared/
rolldown-build-DR0wzp0V.mjs:50:26
    at logger (file:///C:/Users/vomol/Desktop/FarmIQ/node_modules/rolldown/dist
/shared/rolldown-build-DR0wzp0V.mjs:41:3)[31m
    at aggregateBindingErrorsIntoJsError (file:///C:/Users/vomol/Desktop/FarmIQ
/node_modules/rolldown/dist/shared/error-B68YLzl3.mjs:48:18)
    at unwrapBindingResult (file:///C:/Users/vomol/Desktop/FarmIQ/node_modules/
rolldown/dist/shared/error-B68YLzl3.mjs:18:128)
    at #build (file:///C:/Users/vomol/Desktop/FarmIQ/node_modules/rolldown/dist
/shared/rolldown-build-DR0wzp0V.mjs:3256:34)
    at async buildEnvironment (file:///C:/Users/vomol/Desktop/FarmIQ/node_modul
es/vite/dist/node/chunks/node.js:32575:66)
    at async Object.build (file:///C:/Users/vomol/Desktop/FarmIQ/node_modules/v
ite/dist/node/chunks/node.js:32997:19)
    at async buildStartViteEnvironments (file:///C:/Users/vomol/Desktop/FarmIQ/
node_modules/@tanstack/start-plugin-core/dist/esm/vite/planning.js:96:23)
    at async Object.buildApp (file:///C:/Users/vomol/Desktop/FarmIQ/node_module
s/@tanstack/start-plugin-core/dist/esm/vite/plugin.js:113:8)
    at async Object.buildApp (file:///C:/Users/vomol/Desktop/FarmIQ/node_module
s/vite/dist/node/chunks/node.js:32989:6)
    at async CAC.<anonymous> (file:///C:/Users/vomol/Desktop/FarmIQ/node_module
s/vite/dist/node/cli.js:777:3) {
  errors: [Getter/Setter]
}[39m
